// Jest Snapshot v1, https://goo.gl/fbAQLP

exports[`maintain rule units 1`] = `
Object {
  "SMIC horaire": "€ / heure",
  "artiste-auteur": undefined,
  "artiste-auteur . cotisations": "€ / an",
  "artiste-auteur . cotisations . CSG-CRDS": "€ / an",
  "artiste-auteur . cotisations . CSG-CRDS . CRDS": "€ / an",
  "artiste-auteur . cotisations . CSG-CRDS . CSG": "€ / an",
  "artiste-auteur . cotisations . CSG-CRDS . abattement": "€ / an",
  "artiste-auteur . cotisations . CSG-CRDS . assiette": "€ / an",
  "artiste-auteur . cotisations . assiette": "€ / an",
  "artiste-auteur . cotisations . assiette surcotisation": "€ / an",
  "artiste-auteur . cotisations . formation professionnelle": "€ / an",
  "artiste-auteur . cotisations . option surcotisation": undefined,
  "artiste-auteur . cotisations . surcotisation": undefined,
  "artiste-auteur . cotisations . vieillesse": "€ / an",
  "artiste-auteur . revenus": undefined,
  "artiste-auteur . revenus . BNC": "€ / an",
  "artiste-auteur . revenus . BNC . charges forfaitaires": "€ / an",
  "artiste-auteur . revenus . BNC . frais réels": "€ / an",
  "artiste-auteur . revenus . BNC . micro-bnc": undefined,
  "artiste-auteur . revenus . BNC . recettes": "€ / an",
  "artiste-auteur . revenus . traitements et salaires": "€ / an",
  "contrat salarié": undefined,
  "contrat salarié . AGS": "€ / mois",
  "contrat salarié . APEC": "€ / mois",
  "contrat salarié . ATMP": "€ / mois",
  "contrat salarié . ATMP . taux": "%",
  "contrat salarié . ATMP . taux collectif ATMP": "%",
  "contrat salarié . ATMP . taux réduit": undefined,
  "contrat salarié . CDD": undefined,
  "contrat salarié . CDD . CPF": "€ / mois",
  "contrat salarié . CDD . compensation pour congés non pris": "€ / mois",
  "contrat salarié . CDD . compensation pour congés non pris . assiette mensuelle": "€ / mois",
  "contrat salarié . CDD . compensation pour congés non pris . proportion congés non pris": "",
  "contrat salarié . CDD . compensation pour congés non pris . salaire journalier": "€ / jour ouvré",
  "contrat salarié . CDD . congés dus en jours ouvrés": "jour ouvré",
  "contrat salarié . CDD . congés non pris": "jour ouvré",
  "contrat salarié . CDD . contrat jeune vacances": undefined,
  "contrat salarié . CDD . durée contrat": "mois",
  "contrat salarié . CDD . indemnités salarié CDD": "€ / mois",
  "contrat salarié . CDD . motif": undefined,
  "contrat salarié . CDD . motif . classique": undefined,
  "contrat salarié . CDD . motif . classique . accroissement activité": undefined,
  "contrat salarié . CDD . motif . classique . mission": undefined,
  "contrat salarié . CDD . motif . classique . remplacement": undefined,
  "contrat salarié . CDD . motif . classique . saisonnier": undefined,
  "contrat salarié . CDD . motif . classique . usage": undefined,
  "contrat salarié . CDD . motif . complément formation": undefined,
  "contrat salarié . CDD . motif . contrat aidé": undefined,
  "contrat salarié . CDD . motif . issue d'apprentissage": undefined,
  "contrat salarié . CDD . prime de fin de contrat": "€ / mois",
  "contrat salarié . CDD . taxe forfaitaire sur les CDD d'usage": "€ / mois",
  "contrat salarié . CDD . événement": undefined,
  "contrat salarié . CDD . événement . poursuite du CDD en CDI": undefined,
  "contrat salarié . CDD . événement . refus CDI avantageux": undefined,
  "contrat salarié . CDD . événement . rupture anticipée salarié": undefined,
  "contrat salarié . CDD . événement . rupture pendant période essai": undefined,
  "contrat salarié . CDD . événement . rupture pour faute grave ou force majeure": undefined,
  "contrat salarié . CDI": undefined,
  "contrat salarié . CRDS": "€ / mois",
  "contrat salarié . CSG": "€ / mois",
  "contrat salarié . CSG . assiette CSG déductible": "€ / mois",
  "contrat salarié . CSG . assiette heures supplémentaires défiscalisées": "€ / mois",
  "contrat salarié . FNAL": "€ / mois",
  "contrat salarié . FNAL . taux": "%",
  "contrat salarié . SMIC": "€ / mois",
  "contrat salarié . SMIC contractuel": "€ / mois",
  "contrat salarié . SMIC temps plein": "€ / mois",
  "contrat salarié . SMIC temps plein . net imposable": "€ / mois",
  "contrat salarié . aides employeur": "€ / an",
  "contrat salarié . aides employeur . aide à l'embauche d'apprentis": "€ / an",
  "contrat salarié . allocations familiales": "€ / mois",
  "contrat salarié . allocations familiales . taux": "%",
  "contrat salarié . allocations familiales . taux réduit": undefined,
  "contrat salarié . allocations familiales . taux réduit . plafond de réduction": "€ / mois",
  "contrat salarié . apprentissage": undefined,
  "contrat salarié . apprentissage . ancienneté": undefined,
  "contrat salarié . apprentissage . ancienneté . moins d'un an": undefined,
  "contrat salarié . apprentissage . ancienneté . moins de deux ans": undefined,
  "contrat salarié . apprentissage . ancienneté . moins de quatre ans": undefined,
  "contrat salarié . apprentissage . ancienneté . moins de trois ans": undefined,
  "contrat salarié . apprentissage . diplôme préparé": undefined,
  "contrat salarié . apprentissage . diplôme préparé . niveau bac ou moins": undefined,
  "contrat salarié . apprentissage . diplôme préparé . niveau supérieur au bac": undefined,
  "contrat salarié . assiette CSG et CRDS": "€ / mois",
  "contrat salarié . assiette CSG et CRDS . assiette abattue": "€ / mois",
  "contrat salarié . avantages sociaux": "€ / mois",
  "contrat salarié . chômage": "€ / mois",
  "contrat salarié . chômage . taux employeur": "%",
  "contrat salarié . chômage . taux salarié": "%",
  "contrat salarié . complémentaire santé": "€ / mois",
  "contrat salarié . complémentaire santé . forfait": "€ / mois",
  "contrat salarié . complémentaire santé . forfait . en alsace moselle": "€ / mois",
  "contrat salarié . complémentaire santé . forfait . en france": "€ / mois",
  "contrat salarié . complémentaire santé . part employeur": "%",
  "contrat salarié . complémentaire santé . part salarié": "%",
  "contrat salarié . congés dus par mois": "jour ouvré / mois",
  "contrat salarié . contribution au dialogue social": "€ / mois",
  "contrat salarié . contribution d'équilibre général": "€ / mois",
  "contrat salarié . contribution d'équilibre technique": "€ / mois",
  "contrat salarié . convention collective": undefined,
  "contrat salarié . convention collective . HCR": undefined,
  "contrat salarié . convention collective . HCR . majoration heures supplémentaires": "heures / mois",
  "contrat salarié . convention collective . HCR . montant forfaitaire d'un repas": "€ / repas",
  "contrat salarié . convention collective . SVP": undefined,
  "contrat salarié . convention collective . SVP . FCAP": "€ / mois",
  "contrat salarié . convention collective . SVP . cotisations patronales": "€ / mois",
  "contrat salarié . convention collective . SVP . prévoyance": "€ / mois",
  "contrat salarié . convention collective . droit commun": undefined,
  "contrat salarié . convention collective . sport": undefined,
  "contrat salarié . convention collective . sport . cotisations": undefined,
  "contrat salarié . convention collective . sport . cotisations . assiette forfaitaire": "€ / mois",
  "contrat salarié . convention collective . sport . cotisations . assiette franchisée": "€ / mois",
  "contrat salarié . convention collective . sport . cotisations . financement du paritarisme": "€ / mois",
  "contrat salarié . convention collective . sport . cotisations . formation professionnelle": "€ / mois",
  "contrat salarié . convention collective . sport . cotisations . formation professionnelle . CIF CDD": "€ / mois",
  "contrat salarié . convention collective . sport . cotisations . formation professionnelle . CIF CDI": "€ / mois",
  "contrat salarié . convention collective . sport . cotisations . formation professionnelle . plan de formation": "€ / mois",
  "contrat salarié . convention collective . sport . cotisations . formation professionnelle . plan de formation . versement minimum": "€ / mois",
  "contrat salarié . convention collective . sport . cotisations . formation professionnelle . professionnalisation": "€ / mois",
  "contrat salarié . convention collective . sport . cotisations . formation professionnelle . professionnalisation . versement minimum": "€ / mois",
  "contrat salarié . convention collective . sport . cotisations . franchise": "€ / mois",
  "contrat salarié . convention collective . sport . cotisations . patronales": "€ / mois",
  "contrat salarié . convention collective . sport . cotisations . prévoyance": "€ / mois",
  "contrat salarié . convention collective . sport . cotisations . régime frais de santé": "€ / mois",
  "contrat salarié . convention collective . sport . cotisations . régime frais de santé . option": undefined,
  "contrat salarié . convention collective . sport . cotisations . régime frais de santé . option . R1": undefined,
  "contrat salarié . convention collective . sport . cotisations . régime frais de santé . option . R2": undefined,
  "contrat salarié . convention collective . sport . cotisations . régime frais de santé . option . R3": undefined,
  "contrat salarié . convention collective . sport . cotisations . régime frais de santé . taux": "%",
  "contrat salarié . convention collective . sport . exonération cotisation AT": undefined,
  "contrat salarié . convention collective . sport . exonération cotisation AT . refus": undefined,
  "contrat salarié . convention collective . sport . joueur entraineur": undefined,
  "contrat salarié . convention collective . sport . primes": "€ / mois",
  "contrat salarié . convention collective . sport . primes . autres manifestations": "€ / manifestation",
  "contrat salarié . convention collective . sport . primes . manifestation 1": "€ / manifestation",
  "contrat salarié . convention collective . sport . primes . manifestation 1 . franchise": "€ / mois",
  "contrat salarié . convention collective . sport . primes . manifestation 2": "€ / manifestation",
  "contrat salarié . convention collective . sport . primes . manifestation 2 . franchise": "€ / mois",
  "contrat salarié . convention collective . sport . primes . manifestation 3": "€ / manifestation",
  "contrat salarié . convention collective . sport . primes . manifestation 3 . franchise": "€ / mois",
  "contrat salarié . convention collective . sport . primes . manifestation 4": "€ / manifestation",
  "contrat salarié . convention collective . sport . primes . manifestation 4 . franchise": "€ / mois",
  "contrat salarié . convention collective . sport . primes . manifestation 5": "€ / manifestation",
  "contrat salarié . convention collective . sport . primes . manifestation 5 . franchise": "€ / mois",
  "contrat salarié . convention collective . sport . primes . nombre de manifestations": "manifestations / mois",
  "contrat salarié . cotisations": "€ / mois",
  "contrat salarié . cotisations . assiette": "€ / mois",
  "contrat salarié . cotisations . assiette . salariale": "€ / mois",
  "contrat salarié . cotisations . assiette forfaitaire": undefined,
  "contrat salarié . cotisations . assiette forfaitaire . minimum": "€ / mois",
  "contrat salarié . cotisations . assiette forfaitaire . montant": undefined,
  "contrat salarié . cotisations . assiette forfaitaire . rémunération réelle": undefined,
  "contrat salarié . cotisations . patronales": "€ / mois",
  "contrat salarié . cotisations . patronales . conventionnelles": "€ / mois",
  "contrat salarié . cotisations . patronales . réductions de cotisations": "€ / mois",
  "contrat salarié . cotisations . patronales . réductions de cotisations . déduction heures supplémentaires": "€ / mois",
  "contrat salarié . cotisations . salariales": "€ / mois",
  "contrat salarié . cotisations . salariales . conventionnelles": "€ / mois",
  "contrat salarié . cotisations . salariales . réduction heures supplémentaires": "€ / mois",
  "contrat salarié . cotisations . salariales . réduction heures supplémentaires . taux des cotisations réduites": "%",
  "contrat salarié . exonération d'impôt des stagiaires et apprentis": "€ / mois",
  "contrat salarié . forfait social": "€ / mois",
  "contrat salarié . formation professionnelle": "€ / mois",
  "contrat salarié . indemnité kilométrique vélo": "€ / an",
  "contrat salarié . indemnité kilométrique vélo . active": undefined,
  "contrat salarié . indemnité kilométrique vélo . distance annuelle": "km / an",
  "contrat salarié . indemnité kilométrique vélo . distance journalière": "km / jour",
  "contrat salarié . indemnité kilométrique vélo . indemnité kilométrique": "€ / km",
  "contrat salarié . indemnité kilométrique vélo . jours travaillés": "jours / an",
  "contrat salarié . indemnité kilométrique vélo . plafond d'exonération": "€ / an",
  "contrat salarié . indemnités salarié": "€ / mois",
  "contrat salarié . intermittents du spectacle": undefined,
  "contrat salarié . intermittents du spectacle . artiste": undefined,
  "contrat salarié . intermittents du spectacle . artiste . acteur de complément": undefined,
  "contrat salarié . intermittents du spectacle . artiste . acteur de complément . assiette forfaitaire": "€ / heure",
  "contrat salarié . intermittents du spectacle . artiste . acteur de complément . nombre jours travaillés": undefined,
  "contrat salarié . intermittents du spectacle . artiste . activité accessoire": undefined,
  "contrat salarié . intermittents du spectacle . artiste . nombre jours travaillés": "jours / mois",
  "contrat salarié . intermittents du spectacle . artiste . non cadre": undefined,
  "contrat salarié . intermittents du spectacle . artiste . plafond proratisé": "€ / mois",
  "contrat salarié . intermittents du spectacle . artiste . réduction de taux": "%",
  "contrat salarié . intermittents du spectacle . artiste . réduction de taux . ATMP": "%",
  "contrat salarié . intermittents du spectacle . caisse des congés spectacle": "€ / mois",
  "contrat salarié . intermittents du spectacle . formation professionnelle": "€ / mois",
  "contrat salarié . intermittents du spectacle . retraite complémentaire techniciens et cadre": undefined,
  "contrat salarié . intermittents du spectacle . technicien": undefined,
  "contrat salarié . intermittents du spectacle . technicien . non cadre": undefined,
  "contrat salarié . lodeom": undefined,
  "contrat salarié . lodeom . borne inférieure": undefined,
  "contrat salarié . lodeom . borne supérieure": undefined,
  "contrat salarié . lodeom . multiplicateur": "",
  "contrat salarié . lodeom . paramètre T": undefined,
  "contrat salarié . lodeom . plafond de l'assiette": "€ / mois",
  "contrat salarié . lodeom . réduction outre-mer": "€ / mois",
  "contrat salarié . lodeom . zone un": undefined,
  "contrat salarié . lodeom . écart au plafond de l'assiette": "€ / mois",
  "contrat salarié . lodeom . éligible barème compétitivité": undefined,
  "contrat salarié . lodeom . éligible barème compétitivité . secteurs d'activité": undefined,
  "contrat salarié . lodeom . éligible barème compétitivité renforcée": undefined,
  "contrat salarié . lodeom . éligible barème innovation et croissance": undefined,
  "contrat salarié . maladie": "€ / mois",
  "contrat salarié . maladie . plafond de réduction employeur": "€ / mois",
  "contrat salarié . maladie . taux domiciliation fiscale étranger": "%",
  "contrat salarié . maladie . taux employeur": "%",
  "contrat salarié . maladie . taux employeur . taux réduit": undefined,
  "contrat salarié . maladie . taux salarié": "%",
  "contrat salarié . médecine du travail": "€ / an",
  "contrat salarié . participation effort de construction": "€ / mois",
  "contrat salarié . plafond sécurité sociale": "€ / mois",
  "contrat salarié . prime d'impatriation": "€ / mois",
  "contrat salarié . prix du travail": "€ / mois",
  "contrat salarié . prévoyance obligatoire cadre": "€ / mois",
  "contrat salarié . retraite complémentaire": "€ / mois",
  "contrat salarié . retraite complémentaire . taux employeur tranche 1": "%",
  "contrat salarié . retraite complémentaire . taux employeur tranche 2": "%",
  "contrat salarié . retraite complémentaire . taux salarié tranche 1": "%",
  "contrat salarié . retraite complémentaire . taux salarié tranche 2": "%",
  "contrat salarié . réduction ACRE": "€ / mois",
  "contrat salarié . réduction ACRE . taux": "%",
  "contrat salarié . réduction générale": "€ / mois",
  "contrat salarié . réduction générale . assiette": "€ / mois",
  "contrat salarié . réduction générale . assiette . part de la cotisation ATMP": "€ / mois",
  "contrat salarié . réduction générale . multiplicateur": "",
  "contrat salarié . réduction générale . paramètre T": undefined,
  "contrat salarié . réduction générale . plafond de l'assiette": "€ / mois",
  "contrat salarié . réduction générale . écart au plafond de l'assiette": "€ / mois",
  "contrat salarié . régime alsace moselle": undefined,
  "contrat salarié . régime des impatriés": undefined,
  "contrat salarié . rémunération": undefined,
  "contrat salarié . rémunération . assiette de vérification du SMIC": "€ / mois",
  "contrat salarié . rémunération . avantages en nature": undefined,
  "contrat salarié . rémunération . avantages en nature . autres": undefined,
  "contrat salarié . rémunération . avantages en nature . autres . montant": "€ / mois",
  "contrat salarié . rémunération . avantages en nature . montant": "€ / mois",
  "contrat salarié . rémunération . avantages en nature . nourriture": undefined,
  "contrat salarié . rémunération . avantages en nature . nourriture . montant": "€ / mois",
  "contrat salarié . rémunération . avantages en nature . nourriture . montant forfaitaire d'un repas": "€ / repas",
  "contrat salarié . rémunération . avantages en nature . nourriture . repas par mois": "repas / mois",
  "contrat salarié . rémunération . avantages en nature . ntic": undefined,
  "contrat salarié . rémunération . avantages en nature . ntic . abonnements": "€ / mois",
  "contrat salarié . rémunération . avantages en nature . ntic . coût appareils": "€",
  "contrat salarié . rémunération . avantages en nature . ntic . montant": "€ / an",
  "contrat salarié . rémunération . brut": "€ / mois",
  "contrat salarié . rémunération . brut de base": "€ / mois",
  "contrat salarié . rémunération . brut de base . équivalent temps plein": "€ / mois",
  "contrat salarié . rémunération . heures supplémentaires": "€ / mois",
  "contrat salarié . rémunération . heures supplémentaires . taux horaire": "€ / heure",
  "contrat salarié . rémunération . net": "€ / mois",
  "contrat salarié . rémunération . net après impôt": "€ / mois",
  "contrat salarié . rémunération . net de cotisations": "€ / mois",
  "contrat salarié . rémunération . net imposable": "€ / mois",
  "contrat salarié . rémunération . net imposable . base": "€ / mois",
  "contrat salarié . rémunération . net imposable . heures supplémentaires défiscalisées": "€ / mois",
  "contrat salarié . rémunération . net imposable . heures supplémentaires défiscalisées . plafond brut": "€ / an",
  "contrat salarié . rémunération . primes": "€ / mois",
  "contrat salarié . rémunération . primes . activité": "€ / mois",
  "contrat salarié . rémunération . primes . activité . base": "€ / mois",
  "contrat salarié . rémunération . primes . activité . conventionnelles": "€ / mois",
  "contrat salarié . rémunération . primes . base": "€ / mois",
  "contrat salarié . rémunération . primes . fin d'année": "€ / an",
  "contrat salarié . rémunération . primes . fin d'année . prime de fin d'année en mois": "mois",
  "contrat salarié . rémunération . primes . fin d'année . treizième mois": undefined,
  "contrat salarié . rémunération . total": "€ / mois",
  "contrat salarié . stage": undefined,
  "contrat salarié . stage . gratification minimale": "€ / mois",
  "contrat salarié . statut JEI": undefined,
  "contrat salarié . statut JEI . exonération de cotisations": "€ / mois",
  "contrat salarié . statut cadre": undefined,
  "contrat salarié . taxe d'apprentissage": "€ / mois",
  "contrat salarié . taxe d'apprentissage . assiette": "€ / mois",
  "contrat salarié . taxe d'apprentissage . base": "€ / mois",
  "contrat salarié . taxe d'apprentissage . contribution supplémentaire": "€ / mois",
  "contrat salarié . taxe d'apprentissage . csa au taux majoré": undefined,
  "contrat salarié . taxe sur les salaires": "€ / an",
  "contrat salarié . taxe sur les salaires . assiette": "€ / mois",
  "contrat salarié . taxe sur les salaires . assiette de base": "€ / mois",
  "contrat salarié . taxe sur les salaires . barème": "€ / an",
  "contrat salarié . temps de travail": "heures / mois",
  "contrat salarié . temps de travail . base légale": "heures / semaine",
  "contrat salarié . temps de travail . heures supplémentaires": "heures / mois",
  "contrat salarié . temps de travail . heures supplémentaires . majoration": "heures / mois",
  "contrat salarié . temps de travail . quotité de travail": "",
  "contrat salarié . temps de travail . temps contractuel": "heures / mois",
  "contrat salarié . temps de travail . temps contractuel . temps hebdomadaire": "heures / semaine",
  "contrat salarié . temps de travail . temps partiel": undefined,
  "contrat salarié . temps de travail . temps partiel . heures par semaine": "heures / semaine",
  "contrat salarié . versement transport": "€ / mois",
  "contrat salarié . vieillesse": "€ / mois",
  "contrat salarié . vieillesse . taux employeur non plafonné": "%",
  "contrat salarié . vieillesse . taux employeur plafonné": "%",
  "contrat salarié . vieillesse . taux salarié non plafonné": "%",
  "contrat salarié . vieillesse . taux salarié plafonné": "%",
  "dirigeant": undefined,
  "dirigeant . assimilé salarié": undefined,
  "dirigeant . auto-entrepreneur": undefined,
  "dirigeant . auto-entrepreneur . base des cotisations": "€ / an",
  "dirigeant . auto-entrepreneur . cotisations et contributions": "€ / mois",
  "dirigeant . auto-entrepreneur . cotisations et contributions . TFC": "€ / mois",
  "dirigeant . auto-entrepreneur . cotisations et contributions . TFC . commerce": "€ / mois",
  "dirigeant . auto-entrepreneur . cotisations et contributions . TFC . métiers": "€ / mois",
  "dirigeant . auto-entrepreneur . cotisations et contributions . contribution formation professionnelle": "€ / mois",
  "dirigeant . auto-entrepreneur . cotisations et contributions . cotisations": undefined,
  "dirigeant . auto-entrepreneur . cotisations et contributions . cotisations . plafond ACRE": "€ / mois",
  "dirigeant . auto-entrepreneur . cotisations et contributions . cotisations . retraite complémentaire": "€ / an",
  "dirigeant . auto-entrepreneur . cotisations et contributions . cotisations . réduction ACRE": "%",
  "dirigeant . auto-entrepreneur . cotisations et contributions . cotisations . taux ACRE": "%",
  "dirigeant . auto-entrepreneur . cotisations et contributions . cotisations . taux de cotisation": "%",
  "dirigeant . auto-entrepreneur . impôt": undefined,
  "dirigeant . auto-entrepreneur . impôt . abattement": "€ / an",
  "dirigeant . auto-entrepreneur . impôt . abattement . taux": "%",
  "dirigeant . auto-entrepreneur . impôt . abattement . taux inversé": "%",
  "dirigeant . auto-entrepreneur . impôt . revenu abattu": "€ / an",
  "dirigeant . auto-entrepreneur . impôt . revenu imposable": "€ / an",
  "dirigeant . auto-entrepreneur . impôt . versement libératoire": undefined,
  "dirigeant . auto-entrepreneur . impôt . versement libératoire . montant": "€ / an",
  "dirigeant . auto-entrepreneur . plafond": "€ / an",
  "dirigeant . auto-entrepreneur . revenu net de cotisations": "€ / mois",
  "dirigeant . indépendant": undefined,
  "dirigeant . indépendant . PLNR régime général": undefined,
  "dirigeant . indépendant . conjoint collaborateur": undefined,
  "dirigeant . indépendant . conjoint collaborateur . assiette": undefined,
  "dirigeant . indépendant . conjoint collaborateur . assiette . forfaitaire": undefined,
  "dirigeant . indépendant . conjoint collaborateur . assiette . pourcentage": undefined,
  "dirigeant . indépendant . conjoint collaborateur . assiette . pourcentage . moitié": undefined,
  "dirigeant . indépendant . conjoint collaborateur . assiette . pourcentage . tiers": undefined,
  "dirigeant . indépendant . conjoint collaborateur . assiette . revenu avec partage": undefined,
  "dirigeant . indépendant . conjoint collaborateur . assiette . revenu sans partage": undefined,
  "dirigeant . indépendant . conjoint collaborateur . cotisations": "€ / mois",
  "dirigeant . indépendant . conjoint collaborateur . cotisations . assiette": "€ / mois",
  "dirigeant . indépendant . conjoint collaborateur . cotisations . assiette retraite": "€ / mois",
  "dirigeant . indépendant . conjoint collaborateur . cotisations . indemnités journalières maladie": "€ / mois",
  "dirigeant . indépendant . conjoint collaborateur . cotisations . invalidité et décès": "€ / mois",
  "dirigeant . indépendant . conjoint collaborateur . cotisations . invalidité et décès . assiette": "€ / mois",
  "dirigeant . indépendant . conjoint collaborateur . cotisations . retraite complémentaire": "€ / an",
  "dirigeant . indépendant . conjoint collaborateur . cotisations . retraite complémentaire . assiette": "€ / mois",
  "dirigeant . indépendant . conjoint collaborateur . cotisations . retraite de base": "€ / mois",
  "dirigeant . indépendant . cotisations et contributions": "€ / an",
  "dirigeant . indépendant . cotisations et contributions . CSG et CRDS": "€ / an",
  "dirigeant . indépendant . cotisations et contributions . CSG et CRDS . assiette": "€ / an",
  "dirigeant . indépendant . cotisations et contributions . cotisations": "€ / an",
  "dirigeant . indépendant . cotisations et contributions . cotisations . allocations familiales": "€ / an",
  "dirigeant . indépendant . cotisations et contributions . cotisations . déduction tabac": undefined,
  "dirigeant . indépendant . cotisations et contributions . cotisations . déduction tabac . revenus déduits": "€ / an",
  "dirigeant . indépendant . cotisations et contributions . cotisations . indemnités journalières maladie": "€ / an",
  "dirigeant . indépendant . cotisations et contributions . cotisations . invalidité et décès": "€ / an",
  "dirigeant . indépendant . cotisations et contributions . cotisations . invalidité et décès . assiette": "€ / an",
  "dirigeant . indépendant . cotisations et contributions . cotisations . maladie": "€ / an",
  "dirigeant . indépendant . cotisations et contributions . cotisations . maladie . assiette": "€ / an",
  "dirigeant . indépendant . cotisations et contributions . cotisations . maladie . seuil supérieur de réduction": "€ / mois",
  "dirigeant . indépendant . cotisations et contributions . cotisations . maladie . taux": "%",
  "dirigeant . indépendant . cotisations et contributions . cotisations . maladie . taux RSA": "mois / an",
  "dirigeant . indépendant . cotisations et contributions . cotisations . maladie . taux RSA part variable": "mois / an",
  "dirigeant . indépendant . cotisations et contributions . cotisations . maladie . taux variable": "mois / an",
  "dirigeant . indépendant . cotisations et contributions . cotisations . maladie domiciliation fiscale étranger": "€ / an",
  "dirigeant . indépendant . cotisations et contributions . cotisations . retraite complémentaire": "€ / an",
  "dirigeant . indépendant . cotisations et contributions . cotisations . retraite complémentaire . taux spécifique PLNR": undefined,
  "dirigeant . indépendant . cotisations et contributions . cotisations . retraite complémentaire . taux spécifique PLNR . taux": "€ / an",
  "dirigeant . indépendant . cotisations et contributions . cotisations . retraite de base": "€ / an",
  "dirigeant . indépendant . cotisations et contributions . cotisations . retraite de base . assiette": "€ / an",
  "dirigeant . indépendant . cotisations et contributions . exonérations": "€ / an",
  "dirigeant . indépendant . cotisations et contributions . exonérations . ACRE": "€ / an",
  "dirigeant . indépendant . cotisations et contributions . exonérations . ACRE . PSS proratisé": "€.jours / mois.an",
  "dirigeant . indépendant . cotisations et contributions . exonérations . ACRE . prorata sur l'année": "",
  "dirigeant . indépendant . cotisations et contributions . exonérations . ACRE . taux": "%",
  "dirigeant . indépendant . cotisations et contributions . exonérations . ZFU": "€ / an",
  "dirigeant . indépendant . cotisations et contributions . exonérations . ZFU . taux": "%",
  "dirigeant . indépendant . cotisations et contributions . exonérations . invalidité": undefined,
  "dirigeant . indépendant . cotisations et contributions . exonérations . âge": undefined,
  "dirigeant . indépendant . cotisations et contributions . formation professionnelle": "€ / mois",
  "dirigeant . indépendant . revenu net de cotisations": "€ / an",
  "dirigeant . indépendant . revenu professionnel": "€ / an",
  "dirigeant . indépendant . revenus étrangers": undefined,
  "dirigeant . indépendant . revenus étrangers . montant": "€ / an",
  "dirigeant . rattachement CIPAV": undefined,
  "dirigeant . rattachement CIPAV . maladie": "€ / an",
  "dirigeant . rattachement CIPAV . retraite complémentaire": "€ / an",
  "dirigeant . rattachement CIPAV . retraite de base": "€ / an",
  "dirigeant . rémunération totale": "€ / an",
  "entreprise": undefined,
  "entreprise . ACRE": undefined,
  "entreprise . association non lucrative": undefined,
  "entreprise . auto entreprise impossible": undefined,
  "entreprise . bénéfice": "€ / an",
  "entreprise . catégorie d'activité": undefined,
  "entreprise . catégorie d'activité . artisanale": undefined,
  "entreprise . catégorie d'activité . commerciale ou industrielle": undefined,
  "entreprise . catégorie d'activité . débit de tabac": undefined,
  "entreprise . catégorie d'activité . libérale": undefined,
  "entreprise . catégorie d'activité . libérale règlementée": undefined,
  "entreprise . catégorie d'activité . libérale règlementée . type d'activité libérale règlementée": undefined,
  "entreprise . catégorie d'activité . restauration ou hébergement": undefined,
  "entreprise . catégorie d'activité . service ou vente": undefined,
  "entreprise . catégorie d'activité . service ou vente . service": undefined,
  "entreprise . catégorie d'activité . service ou vente . vente": undefined,
  "entreprise . charges": "€ / an",
  "entreprise . charges dont rémunération dirigeant": "€ / an",
  "entreprise . chiffre d'affaires": "€ / an",
  "entreprise . chiffre d'affaires de société": "€ / an",
  "entreprise . chiffre d'affaires minimum": "€ / an",
  "entreprise . convention collective": undefined,
  "entreprise . date de création": undefined,
  "entreprise . durée d'activité": "jours",
  "entreprise . durée d'activité . en début d'année": "jours",
  "entreprise . durée d'activité . en fin d'année": "jours",
  "entreprise . effectif": "employés",
  "entreprise . effectif . seuil": undefined,
  "entreprise . effectif . seuil . 251 et plus": undefined,
  "entreprise . effectif . seuil . moins de 11": undefined,
  "entreprise . effectif . seuil . moins de 20": undefined,
  "entreprise . effectif . seuil . moins de 250": undefined,
  "entreprise . effectif . seuil . moins de 5": undefined,
  "entreprise . effectif . seuil . moins de 50": undefined,
  "entreprise . impôt sur les sociétés": "€ / an",
  "entreprise . ratio alternants": "%",
  "entreprise . rattachée à la CIPAV": undefined,
  "entreprise . rémunération du dirigeant": "%",
  "entreprise . résultat net": "€ / an",
  "entreprise . taxe sur les salaires": "€ / an",
  "entreprise . taxe sur les salaires . abattement associations": "€ / an",
  "entreprise . taxe sur les salaires . barème": "€ / an",
  "entreprise . établissement bancaire": undefined,
  "impôt": "€ / an",
  "impôt . CEHR": "€ / an",
  "impôt . impôt sur le revenu": "€ / an",
  "impôt . impôt sur le revenu à payer": "€ / an",
  "impôt . méthode de calcul": undefined,
  "impôt . méthode de calcul . barème standard": undefined,
  "impôt . méthode de calcul . prélèvement à la source": undefined,
  "impôt . méthode de calcul . taux neutre": undefined,
  "impôt . méthode de calcul . taux personnalisé": undefined,
  "impôt . revenu abattu": "€ / mois",
  "impôt . revenu abattu par défaut": "€ / mois",
  "impôt . revenu fiscal de référence": "€ / mois",
  "impôt . revenu imposable": "€ / mois",
  "impôt . revenu imposable . abattement contrat court": "€",
  "impôt . taux du prélèvement à la source": "%",
  "impôt . taux neutre d'impôt sur le revenu": "%",
  "impôt . taux neutre d'impôt sur le revenu . barème Guadeloupe Réunion Martinique": "%",
  "impôt . taux neutre d'impôt sur le revenu . barème Guyane Mayotte": "%",
  "impôt . taux personnalisé": "%",
  "plafond horaire sécurité sociale": "€ / heure",
  "plafond journalier sécurité sociale": "€ / jour",
  "plafond sécurité sociale temps plein": "€ / mois",
  "protection sociale": undefined,
  "protection sociale . accidents du travail et maladies professionnelles": "€ / jour",
  "protection sociale . assurance chômage": undefined,
  "protection sociale . autres": undefined,
  "protection sociale . famille": undefined,
  "protection sociale . formation": undefined,
  "protection sociale . retraite": "€ / an",
  "protection sociale . retraite . base": "€ / an",
  "protection sociale . retraite . base . taux de la pension": "%",
  "protection sociale . retraite . complémentaire salarié": "€ / an",
  "protection sociale . retraite . complémentaire salarié . points acquis": "points",
  "protection sociale . retraite . complémentaire salarié . points acquis par mois": "points / mois",
  "protection sociale . retraite . complémentaire salarié . prix d'achat du point": "€ / point",
  "protection sociale . retraite . complémentaire salarié . valeur du point": "€ / point.an",
  "protection sociale . retraite . complémentaire sécurité des indépendants": "€ / an",
  "protection sociale . retraite . complémentaire sécurité des indépendants . points acquis": "points",
  "protection sociale . retraite . complémentaire sécurité des indépendants . points acquis par mois": "points / mois",
  "protection sociale . retraite . complémentaire sécurité des indépendants . prix d'achat du point": "€ / point",
  "protection sociale . retraite . complémentaire sécurité des indépendants . valeur du point": "€ / point.an",
  "protection sociale . retraite . mois cotisés": "mois",
  "protection sociale . retraite . trimestres validés par an": "trimestres validés / an",
  "protection sociale . retraite . trimestres validés par an . barème trimestres générique": "trimestres validés / an",
  "protection sociale . retraite . trimestres validés par an . trimestres auto-entrepreneur": "trimestres validés / an",
  "protection sociale . retraite . trimestres validés par an . trimestres indépendant": "trimestres validés / an",
  "protection sociale . retraite . trimestres validés par an . trimestres salarié": "trimestres validés / an",
  "protection sociale . revenu moyen": "€ / an",
  "protection sociale . santé": undefined,
  "protection sociale . santé . indemnités journalières": "€ / jour",
  "protection sociale . santé . indemnités journalières . auto-entrepreneur": "€ / jour",
  "protection sociale . santé . indemnités journalières . indépendant": "€ / jour",
  "protection sociale . santé . indemnités journalières . salarié": "€ / jour",
  "protection sociale . transport": undefined,
  "période": undefined,
  "période . début d'année": undefined,
  "période . fin d'année": undefined,
  "période . jours ouvrés moyen par mois": "jour ouvré / mois",
  "période . semaines par mois": "semaines / mois",
  "revenu net après impôt": "€ / an",
  "revenus net de cotisations": "€ / mois",
  "situation personnelle": undefined,
  "situation personnelle . IJSS": undefined,
  "situation personnelle . IJSS . ALD": undefined,
  "situation personnelle . IJSS . ALD . autres indemnités": undefined,
  "situation personnelle . IJSS . ALD . autres indemnités . montant": "€ / an",
  "situation personnelle . IJSS . défiscalisées": "€ / an",
  "situation personnelle . IJSS . fiscalisées": "€ / an",
  "situation personnelle . IJSS . montant": "€ / an",
  "situation personnelle . IJSS . total": "€ / an",
  "situation personnelle . RSA": undefined,
  "situation personnelle . domiciliation fiscale à l'étranger": undefined,
  "établissement": undefined,
  "établissement . ZFU": undefined,
  "établissement . ZFU . durée d'implantation en fin d'année": "jours",
  "établissement . localisation": undefined,
  "établissement . localisation . code commune": undefined,
  "établissement . localisation . commune": undefined,
  "établissement . localisation . département": undefined,
  "établissement . localisation . outre-mer": undefined,
  "établissement . taux du versement transport": undefined,
}
`;
